<?xml version="1.0" encoding="UTF-8"?>
<TestRun id="f8537950-9830-48bc-bc93-624d19d6d272" name="EPS@clL04A-9 2013-12-04 11:25:56" runUser="clL04A-9\EPS" xmlns="http://microsoft.com/schemas/VisualStudio/TeamTest/2010">
  <TestSettings name="Local" id="21b3f13a-1a3c-444b-811b-e3a6a1dbe648">
    <Description>Esta es la configuración de pruebas predeterminada para una ejecución de pruebas local.</Description>
    <Deployment enabled="false" runDeploymentRoot="EPS_clL04A-9 2013-12-04 11_25_56">
      <DeploymentItem filename="E:\Master\PCC - Puebas de control y desarrollo\VS2010 - MSTest\ProyectoDePruebaDeCajaNegra\ProyectoDePrueba\TriangleDetector.dll" />
      <DeploymentItem filename="E:\Master\PCC - Puebas de control y desarrollo\VS2010 - MSTest\ProyectoDePruebaDeCajaNegra\packages\NUnit.2.6.3\lib\nunit.framework.dll" />
      <DeploymentItem filename="E:\Master\PCC - Puebas de control y desarrollo\VS2010 - MSTest\ProyectoDePruebaDeCajaNegra\packages\SpecFlow.1.9.0\lib\net35\TechTalk.SpecFlow.dll" />
    </Deployment>
    <Execution>
      <TestTypeSpecific />
      <AgentRule name="Execution Agents">
      </AgentRule>
    </Execution>
  </TestSettings>
  <Times creation="2013-12-04T11:25:56.3906250+01:00" queuing="2013-12-04T11:25:57.6250000+01:00" start="2013-12-04T11:25:57.7656250+01:00" finish="2013-12-04T11:25:58.3125000+01:00" />
  <ResultSummary outcome="Failed">
    <Counters total="10" executed="10" passed="3" error="0" failed="7" timeout="0" aborted="0" inconclusive="0" passedButRunAborted="0" notRunnable="0" notExecuted="0" disconnected="0" warning="0" completed="0" inProgress="0" pending="0" />
  </ResultSummary>
  <TestDefinitions>
    <UnitTest name="Prueba_EsTriangulo2" storage="e:\master\pcc - puebas de control y desarrollo\vs2010 - mstest\proyectodepruebadecajanegra\proyectodeprueba\bin\debug\proyectodeprueba.dll" id="34972ed4-99e4-a8d0-f13e-5cae23953a2e">
      <Execution id="7941701c-7618-4195-a217-feb9499fbc23" />
      <TestMethod codeBase="E:/Master/PCC - Puebas de control y desarrollo/VS2010 - MSTest/ProyectoDePruebaDeCajaNegra/ProyectoDePrueba/bin/Debug/ProyectoDePrueba.DLL" adapterTypeName="Microsoft.VisualStudio.TestTools.TestTypes.Unit.UnitTestAdapter, Microsoft.VisualStudio.QualityTools.Tips.UnitTest.Adapter, Version=10.0.0.0, Culture=neutral, PublicKeyToken=b03f5f7f11d50a3a" className="ProyectoDePrueba.Prueba_TriangleDetector, ProyectoDePrueba, Version=1.0.0.0, Culture=neutral, PublicKeyToken=null" name="Prueba_EsTriangulo2" />
    </UnitTest>
    <UnitTest name="Prueba_EsTriangulo1" storage="e:\master\pcc - puebas de control y desarrollo\vs2010 - mstest\proyectodepruebadecajanegra\proyectodeprueba\bin\debug\proyectodeprueba.dll" id="e33cb571-710e-a9a4-e08d-609aa7048877">
      <Execution id="cc55aab4-fe4f-4431-b1dd-3ffc1c3fe1c0" />
      <TestMethod codeBase="E:/Master/PCC - Puebas de control y desarrollo/VS2010 - MSTest/ProyectoDePruebaDeCajaNegra/ProyectoDePrueba/bin/Debug/ProyectoDePrueba.DLL" adapterTypeName="Microsoft.VisualStudio.TestTools.TestTypes.Unit.UnitTestAdapter, Microsoft.VisualStudio.QualityTools.Tips.UnitTest.Adapter, Version=10.0.0.0, Culture=neutral, PublicKeyToken=b03f5f7f11d50a3a" className="ProyectoDePrueba.Prueba_TriangleDetector, ProyectoDePrueba, Version=1.0.0.0, Culture=neutral, PublicKeyToken=null" name="Prueba_EsTriangulo1" />
    </UnitTest>
    <UnitTest name="Prueba_EsTriangulo5" storage="e:\master\pcc - puebas de control y desarrollo\vs2010 - mstest\proyectodepruebadecajanegra\proyectodeprueba\bin\debug\proyectodeprueba.dll" id="1857a141-fc60-2354-3193-9e8d48781fa3">
      <Execution id="9c0b8038-73a7-4250-ae70-bb1416d49348" />
      <TestMethod codeBase="E:/Master/PCC - Puebas de control y desarrollo/VS2010 - MSTest/ProyectoDePruebaDeCajaNegra/ProyectoDePrueba/bin/Debug/ProyectoDePrueba.DLL" adapterTypeName="Microsoft.VisualStudio.TestTools.TestTypes.Unit.UnitTestAdapter, Microsoft.VisualStudio.QualityTools.Tips.UnitTest.Adapter, Version=10.0.0.0, Culture=neutral, PublicKeyToken=b03f5f7f11d50a3a" className="ProyectoDePrueba.Prueba_TriangleDetector, ProyectoDePrueba, Version=1.0.0.0, Culture=neutral, PublicKeyToken=null" name="Prueba_EsTriangulo5" />
    </UnitTest>
    <UnitTest name="Prueba_EsTriangulo8" storage="e:\master\pcc - puebas de control y desarrollo\vs2010 - mstest\proyectodepruebadecajanegra\proyectodeprueba\bin\debug\proyectodeprueba.dll" id="3d32e5c4-d528-5687-dd54-7a0baa27db3c">
      <Execution id="b06fdd1a-fcf0-468e-a934-d1bc0eb62029" />
      <TestMethod codeBase="E:/Master/PCC - Puebas de control y desarrollo/VS2010 - MSTest/ProyectoDePruebaDeCajaNegra/ProyectoDePrueba/bin/Debug/ProyectoDePrueba.DLL" adapterTypeName="Microsoft.VisualStudio.TestTools.TestTypes.Unit.UnitTestAdapter, Microsoft.VisualStudio.QualityTools.Tips.UnitTest.Adapter, Version=10.0.0.0, Culture=neutral, PublicKeyToken=b03f5f7f11d50a3a" className="ProyectoDePrueba.Prueba_TriangleDetector, ProyectoDePrueba, Version=1.0.0.0, Culture=neutral, PublicKeyToken=null" name="Prueba_EsTriangulo8" />
    </UnitTest>
    <UnitTest name="Prueba_EsTriangulo3" storage="e:\master\pcc - puebas de control y desarrollo\vs2010 - mstest\proyectodepruebadecajanegra\proyectodeprueba\bin\debug\proyectodeprueba.dll" id="3836f357-7d08-b934-e50d-16e5bc3dc884">
      <Execution id="c0826445-baca-490f-b474-108ccc42c017" />
      <TestMethod codeBase="E:/Master/PCC - Puebas de control y desarrollo/VS2010 - MSTest/ProyectoDePruebaDeCajaNegra/ProyectoDePrueba/bin/Debug/ProyectoDePrueba.DLL" adapterTypeName="Microsoft.VisualStudio.TestTools.TestTypes.Unit.UnitTestAdapter, Microsoft.VisualStudio.QualityTools.Tips.UnitTest.Adapter, Version=10.0.0.0, Culture=neutral, PublicKeyToken=b03f5f7f11d50a3a" className="ProyectoDePrueba.Prueba_TriangleDetector, ProyectoDePrueba, Version=1.0.0.0, Culture=neutral, PublicKeyToken=null" name="Prueba_EsTriangulo3" />
    </UnitTest>
    <UnitTest name="Prueba_EsTriangulo4" storage="e:\master\pcc - puebas de control y desarrollo\vs2010 - mstest\proyectodepruebadecajanegra\proyectodeprueba\bin\debug\proyectodeprueba.dll" id="cf23e9dd-309e-92fe-c3c9-c080354d22b2">
      <Execution id="1e577fd4-4def-41ed-b31e-be9a452762f6" />
      <TestMethod codeBase="E:/Master/PCC - Puebas de control y desarrollo/VS2010 - MSTest/ProyectoDePruebaDeCajaNegra/ProyectoDePrueba/bin/Debug/ProyectoDePrueba.DLL" adapterTypeName="Microsoft.VisualStudio.TestTools.TestTypes.Unit.UnitTestAdapter, Microsoft.VisualStudio.QualityTools.Tips.UnitTest.Adapter, Version=10.0.0.0, Culture=neutral, PublicKeyToken=b03f5f7f11d50a3a" className="ProyectoDePrueba.Prueba_TriangleDetector, ProyectoDePrueba, Version=1.0.0.0, Culture=neutral, PublicKeyToken=null" name="Prueba_EsTriangulo4" />
    </UnitTest>
    <UnitTest name="Prueba_EsTriangulo7" storage="e:\master\pcc - puebas de control y desarrollo\vs2010 - mstest\proyectodepruebadecajanegra\proyectodeprueba\bin\debug\proyectodeprueba.dll" id="ec6c3088-5cb3-a09e-5734-84e2dbf76e39">
      <Execution id="aac2716a-6552-4ac8-bb32-9c798a97cd28" />
      <TestMethod codeBase="E:/Master/PCC - Puebas de control y desarrollo/VS2010 - MSTest/ProyectoDePruebaDeCajaNegra/ProyectoDePrueba/bin/Debug/ProyectoDePrueba.DLL" adapterTypeName="Microsoft.VisualStudio.TestTools.TestTypes.Unit.UnitTestAdapter, Microsoft.VisualStudio.QualityTools.Tips.UnitTest.Adapter, Version=10.0.0.0, Culture=neutral, PublicKeyToken=b03f5f7f11d50a3a" className="ProyectoDePrueba.Prueba_TriangleDetector, ProyectoDePrueba, Version=1.0.0.0, Culture=neutral, PublicKeyToken=null" name="Prueba_EsTriangulo7" />
    </UnitTest>
    <UnitTest name="Prueba_EsTriangulo10" storage="e:\master\pcc - puebas de control y desarrollo\vs2010 - mstest\proyectodepruebadecajanegra\proyectodeprueba\bin\debug\proyectodeprueba.dll" id="7b43bc24-c25d-a421-9bda-93ea43cd1afd">
      <Execution id="cf11d299-e8ec-4a51-aee0-22efaeb65380" />
      <TestMethod codeBase="E:/Master/PCC - Puebas de control y desarrollo/VS2010 - MSTest/ProyectoDePruebaDeCajaNegra/ProyectoDePrueba/bin/Debug/ProyectoDePrueba.DLL" adapterTypeName="Microsoft.VisualStudio.TestTools.TestTypes.Unit.UnitTestAdapter, Microsoft.VisualStudio.QualityTools.Tips.UnitTest.Adapter, Version=10.0.0.0, Culture=neutral, PublicKeyToken=b03f5f7f11d50a3a" className="ProyectoDePrueba.Prueba_TriangleDetector, ProyectoDePrueba, Version=1.0.0.0, Culture=neutral, PublicKeyToken=null" name="Prueba_EsTriangulo10" />
    </UnitTest>
    <UnitTest name="Prueba_EsTriangulo9" storage="e:\master\pcc - puebas de control y desarrollo\vs2010 - mstest\proyectodepruebadecajanegra\proyectodeprueba\bin\debug\proyectodeprueba.dll" id="00d60cb3-a64c-e946-fe5a-47a170a64d4c">
      <Execution id="02159d6e-2462-4adb-9e33-13e6219f4875" />
      <TestMethod codeBase="E:/Master/PCC - Puebas de control y desarrollo/VS2010 - MSTest/ProyectoDePruebaDeCajaNegra/ProyectoDePrueba/bin/Debug/ProyectoDePrueba.DLL" adapterTypeName="Microsoft.VisualStudio.TestTools.TestTypes.Unit.UnitTestAdapter, Microsoft.VisualStudio.QualityTools.Tips.UnitTest.Adapter, Version=10.0.0.0, Culture=neutral, PublicKeyToken=b03f5f7f11d50a3a" className="ProyectoDePrueba.Prueba_TriangleDetector, ProyectoDePrueba, Version=1.0.0.0, Culture=neutral, PublicKeyToken=null" name="Prueba_EsTriangulo9" />
    </UnitTest>
    <UnitTest name="Prueba_EsTriangulo6" storage="e:\master\pcc - puebas de control y desarrollo\vs2010 - mstest\proyectodepruebadecajanegra\proyectodeprueba\bin\debug\proyectodeprueba.dll" id="0b92605c-28a2-2e0e-f941-64236c63aa4a">
      <Execution id="f2389a05-020d-454d-94f6-69123753c0d1" />
      <TestMethod codeBase="E:/Master/PCC - Puebas de control y desarrollo/VS2010 - MSTest/ProyectoDePruebaDeCajaNegra/ProyectoDePrueba/bin/Debug/ProyectoDePrueba.DLL" adapterTypeName="Microsoft.VisualStudio.TestTools.TestTypes.Unit.UnitTestAdapter, Microsoft.VisualStudio.QualityTools.Tips.UnitTest.Adapter, Version=10.0.0.0, Culture=neutral, PublicKeyToken=b03f5f7f11d50a3a" className="ProyectoDePrueba.Prueba_TriangleDetector, ProyectoDePrueba, Version=1.0.0.0, Culture=neutral, PublicKeyToken=null" name="Prueba_EsTriangulo6" />
    </UnitTest>
  </TestDefinitions>
  <TestLists>
    <TestList name="Resultados que no están en la lista" id="8c84fa94-04c1-424b-9868-57a2d4851a1d" />
    <TestList name="Todos los resultados cargados" id="19431567-8539-422a-85d7-44ee4e166bda" />
  </TestLists>
  <TestEntries>
    <TestEntry testId="00d60cb3-a64c-e946-fe5a-47a170a64d4c" executionId="02159d6e-2462-4adb-9e33-13e6219f4875" testListId="8c84fa94-04c1-424b-9868-57a2d4851a1d" />
    <TestEntry testId="0b92605c-28a2-2e0e-f941-64236c63aa4a" executionId="f2389a05-020d-454d-94f6-69123753c0d1" testListId="8c84fa94-04c1-424b-9868-57a2d4851a1d" />
    <TestEntry testId="1857a141-fc60-2354-3193-9e8d48781fa3" executionId="9c0b8038-73a7-4250-ae70-bb1416d49348" testListId="8c84fa94-04c1-424b-9868-57a2d4851a1d" />
    <TestEntry testId="34972ed4-99e4-a8d0-f13e-5cae23953a2e" executionId="7941701c-7618-4195-a217-feb9499fbc23" testListId="8c84fa94-04c1-424b-9868-57a2d4851a1d" />
    <TestEntry testId="3836f357-7d08-b934-e50d-16e5bc3dc884" executionId="c0826445-baca-490f-b474-108ccc42c017" testListId="8c84fa94-04c1-424b-9868-57a2d4851a1d" />
    <TestEntry testId="3d32e5c4-d528-5687-dd54-7a0baa27db3c" executionId="b06fdd1a-fcf0-468e-a934-d1bc0eb62029" testListId="8c84fa94-04c1-424b-9868-57a2d4851a1d" />
    <TestEntry testId="7b43bc24-c25d-a421-9bda-93ea43cd1afd" executionId="cf11d299-e8ec-4a51-aee0-22efaeb65380" testListId="8c84fa94-04c1-424b-9868-57a2d4851a1d" />
    <TestEntry testId="cf23e9dd-309e-92fe-c3c9-c080354d22b2" executionId="1e577fd4-4def-41ed-b31e-be9a452762f6" testListId="8c84fa94-04c1-424b-9868-57a2d4851a1d" />
    <TestEntry testId="e33cb571-710e-a9a4-e08d-609aa7048877" executionId="cc55aab4-fe4f-4431-b1dd-3ffc1c3fe1c0" testListId="8c84fa94-04c1-424b-9868-57a2d4851a1d" />
    <TestEntry testId="ec6c3088-5cb3-a09e-5734-84e2dbf76e39" executionId="aac2716a-6552-4ac8-bb32-9c798a97cd28" testListId="8c84fa94-04c1-424b-9868-57a2d4851a1d" />
  </TestEntries>
  <Results>
    <UnitTestResult executionId="02159d6e-2462-4adb-9e33-13e6219f4875" testId="00d60cb3-a64c-e946-fe5a-47a170a64d4c" testName="Prueba_EsTriangulo9" computerName="clL04A-9" duration="00:00:00.0783107" startTime="2013-12-04T11:25:57.8125000+01:00" endTime="2013-12-04T11:25:58.2031250+01:00" testType="13cdc9d9-ddb5-4fa4-a97d-d965ccfc6d4b" outcome="Failed" testListId="8c84fa94-04c1-424b-9868-57a2d4851a1d" relativeResultsDirectory="02159d6e-2462-4adb-9e33-13e6219f4875">
      <Output>
        <ErrorInfo>
          <Message>Error de Assert.AreEqual. Se esperaba &lt;escaleno&gt;, pero es &lt;isosceles&gt;. </Message>
          <StackTrace>   en ProyectoDePrueba.Prueba_TriangleDetector.Prueba_EsTriangulo9() en c:\documents and settings\eps\mis documentos\visual studio 2010\Projects\ProyectoDePrueba\ProyectoDePrueba\Prueba_TriangleDetector.cs:línea 271
</StackTrace>
        </ErrorInfo>
      </Output>
    </UnitTestResult>
    <UnitTestResult executionId="f2389a05-020d-454d-94f6-69123753c0d1" testId="0b92605c-28a2-2e0e-f941-64236c63aa4a" testName="Prueba_EsTriangulo6" computerName="clL04A-9" duration="00:00:00.0002595" startTime="2013-12-04T11:25:58.2031250+01:00" endTime="2013-12-04T11:25:58.2031250+01:00" testType="13cdc9d9-ddb5-4fa4-a97d-d965ccfc6d4b" outcome="Passed" testListId="8c84fa94-04c1-424b-9868-57a2d4851a1d" relativeResultsDirectory="f2389a05-020d-454d-94f6-69123753c0d1">
    </UnitTestResult>
    <UnitTestResult executionId="9c0b8038-73a7-4250-ae70-bb1416d49348" testId="1857a141-fc60-2354-3193-9e8d48781fa3" testName="Prueba_EsTriangulo5" computerName="clL04A-9" duration="00:00:00.0011845" startTime="2013-12-04T11:25:58.2187500+01:00" endTime="2013-12-04T11:25:58.2187500+01:00" testType="13cdc9d9-ddb5-4fa4-a97d-d965ccfc6d4b" outcome="Failed" testListId="8c84fa94-04c1-424b-9868-57a2d4851a1d" relativeResultsDirectory="9c0b8038-73a7-4250-ae70-bb1416d49348">
      <Output>
        <ErrorInfo>
          <Message>Error de Assert.AreEqual. Se esperaba &lt;isosceles&gt;, pero es &lt;escaleno&gt;. </Message>
          <StackTrace>   en ProyectoDePrueba.Prueba_TriangleDetector.Prueba_EsTriangulo5() en c:\documents and settings\eps\mis documentos\visual studio 2010\Projects\ProyectoDePrueba\ProyectoDePrueba\Prueba_TriangleDetector.cs:línea 163
</StackTrace>
        </ErrorInfo>
      </Output>
    </UnitTestResult>
    <UnitTestResult executionId="7941701c-7618-4195-a217-feb9499fbc23" testId="34972ed4-99e4-a8d0-f13e-5cae23953a2e" testName="Prueba_EsTriangulo2" computerName="clL04A-9" duration="00:00:00.0012509" startTime="2013-12-04T11:25:58.2187500+01:00" endTime="2013-12-04T11:25:58.2187500+01:00" testType="13cdc9d9-ddb5-4fa4-a97d-d965ccfc6d4b" outcome="Failed" testListId="8c84fa94-04c1-424b-9868-57a2d4851a1d" relativeResultsDirectory="7941701c-7618-4195-a217-feb9499fbc23">
      <Output>
        <ErrorInfo>
          <Message>Error de Assert.AreEqual. Se esperaba &lt;equilatero&gt;, pero es &lt;escaleno&gt;. </Message>
          <StackTrace>   en ProyectoDePrueba.Prueba_TriangleDetector.Prueba_EsTriangulo2() en c:\documents and settings\eps\mis documentos\visual studio 2010\Projects\ProyectoDePrueba\ProyectoDePrueba\Prueba_TriangleDetector.cs:línea 81
</StackTrace>
        </ErrorInfo>
      </Output>
    </UnitTestResult>
    <UnitTestResult executionId="c0826445-baca-490f-b474-108ccc42c017" testId="3836f357-7d08-b934-e50d-16e5bc3dc884" testName="Prueba_EsTriangulo3" computerName="clL04A-9" duration="00:00:00.0040276" startTime="2013-12-04T11:25:58.2187500+01:00" endTime="2013-12-04T11:25:58.2343750+01:00" testType="13cdc9d9-ddb5-4fa4-a97d-d965ccfc6d4b" outcome="Failed" testListId="8c84fa94-04c1-424b-9868-57a2d4851a1d" relativeResultsDirectory="c0826445-baca-490f-b474-108ccc42c017">
      <Output>
        <ErrorInfo>
          <Message>Error de Assert.AreEqual. Se esperaba &lt;equilatero&gt;, pero es &lt;isosceles&gt;. </Message>
          <StackTrace>   en ProyectoDePrueba.Prueba_TriangleDetector.Prueba_EsTriangulo3() en c:\documents and settings\eps\mis documentos\visual studio 2010\Projects\ProyectoDePrueba\ProyectoDePrueba\Prueba_TriangleDetector.cs:línea 107
</StackTrace>
        </ErrorInfo>
      </Output>
    </UnitTestResult>
    <UnitTestResult executionId="b06fdd1a-fcf0-468e-a934-d1bc0eb62029" testId="3d32e5c4-d528-5687-dd54-7a0baa27db3c" testName="Prueba_EsTriangulo8" computerName="clL04A-9" duration="00:00:00.0001966" startTime="2013-12-04T11:25:58.2343750+01:00" endTime="2013-12-04T11:25:58.2343750+01:00" testType="13cdc9d9-ddb5-4fa4-a97d-d965ccfc6d4b" outcome="Passed" testListId="8c84fa94-04c1-424b-9868-57a2d4851a1d" relativeResultsDirectory="b06fdd1a-fcf0-468e-a934-d1bc0eb62029">
    </UnitTestResult>
    <UnitTestResult executionId="cf11d299-e8ec-4a51-aee0-22efaeb65380" testId="7b43bc24-c25d-a421-9bda-93ea43cd1afd" testName="Prueba_EsTriangulo10" computerName="clL04A-9" duration="00:00:00.0064220" startTime="2013-12-04T11:25:58.2500000+01:00" endTime="2013-12-04T11:25:58.2500000+01:00" testType="13cdc9d9-ddb5-4fa4-a97d-d965ccfc6d4b" outcome="Failed" testListId="8c84fa94-04c1-424b-9868-57a2d4851a1d" relativeResultsDirectory="cf11d299-e8ec-4a51-aee0-22efaeb65380">
      <Output>
        <ErrorInfo>
          <Message>El método de prueba ProyectoDePrueba.Prueba_TriangleDetector.Prueba_EsTriangulo10 inició la excepción System.Exception, pero se esperaba la excepción System.ArgumentException. Mensaje de la excepción: System.Exception: No es triangulo</Message>
          <StackTrace>    en TriangleDetector.TriangleValidator.EsTriangulo(Int32 lado1, Int32 lado2, Int32 lado3)
   en ProyectoDePrueba.Prueba_TriangleDetector.Prueba_EsTriangulo10() en c:\documents and settings\eps\mis documentos\visual studio 2010\Projects\ProyectoDePrueba\ProyectoDePrueba\Prueba_TriangleDetector.cs:línea 292
</StackTrace>
        </ErrorInfo>
      </Output>
    </UnitTestResult>
    <UnitTestResult executionId="1e577fd4-4def-41ed-b31e-be9a452762f6" testId="cf23e9dd-309e-92fe-c3c9-c080354d22b2" testName="Prueba_EsTriangulo4" computerName="clL04A-9" duration="00:00:00.0012102" startTime="2013-12-04T11:25:58.2500000+01:00" endTime="2013-12-04T11:25:58.2656250+01:00" testType="13cdc9d9-ddb5-4fa4-a97d-d965ccfc6d4b" outcome="Failed" testListId="8c84fa94-04c1-424b-9868-57a2d4851a1d" relativeResultsDirectory="1e577fd4-4def-41ed-b31e-be9a452762f6">
      <Output>
        <ErrorInfo>
          <Message>Error de Assert.AreEqual. Se esperaba &lt;isosceles&gt;, pero es &lt;equilatero&gt;. </Message>
          <StackTrace>   en ProyectoDePrueba.Prueba_TriangleDetector.Prueba_EsTriangulo4() en c:\documents and settings\eps\mis documentos\visual studio 2010\Projects\ProyectoDePrueba\ProyectoDePrueba\Prueba_TriangleDetector.cs:línea 135
</StackTrace>
        </ErrorInfo>
      </Output>
    </UnitTestResult>
    <UnitTestResult executionId="cc55aab4-fe4f-4431-b1dd-3ffc1c3fe1c0" testId="e33cb571-710e-a9a4-e08d-609aa7048877" testName="Prueba_EsTriangulo1" computerName="clL04A-9" duration="00:00:00.0002050" startTime="2013-12-04T11:25:58.2656250+01:00" endTime="2013-12-04T11:25:58.2656250+01:00" testType="13cdc9d9-ddb5-4fa4-a97d-d965ccfc6d4b" outcome="Passed" testListId="8c84fa94-04c1-424b-9868-57a2d4851a1d" relativeResultsDirectory="cc55aab4-fe4f-4431-b1dd-3ffc1c3fe1c0">
    </UnitTestResult>
    <UnitTestResult executionId="aac2716a-6552-4ac8-bb32-9c798a97cd28" testId="ec6c3088-5cb3-a09e-5734-84e2dbf76e39" testName="Prueba_EsTriangulo7" computerName="clL04A-9" duration="00:00:00.0011191" startTime="2013-12-04T11:25:58.2656250+01:00" endTime="2013-12-04T11:25:58.2656250+01:00" testType="13cdc9d9-ddb5-4fa4-a97d-d965ccfc6d4b" outcome="Failed" testListId="8c84fa94-04c1-424b-9868-57a2d4851a1d" relativeResultsDirectory="aac2716a-6552-4ac8-bb32-9c798a97cd28">
      <Output>
        <ErrorInfo>
          <Message>Error de Assert.AreEqual. Se esperaba &lt;escaleno&gt;, pero es &lt;equilatero&gt;. </Message>
          <StackTrace>   en ProyectoDePrueba.Prueba_TriangleDetector.Prueba_EsTriangulo7() en c:\documents and settings\eps\mis documentos\visual studio 2010\Projects\ProyectoDePrueba\ProyectoDePrueba\Prueba_TriangleDetector.cs:línea 217
</StackTrace>
        </ErrorInfo>
      </Output>
    </UnitTestResult>
  </Results>
</TestRun>