<?xml version="1.0" encoding="UTF-8"?>
<TestRun id="c31fe145-fce7-4af0-87f6-9c51b098bba2" name="EPS@clL04A-9 2013-12-04 11:36:20" runUser="clL04A-9\EPS" xmlns="http://microsoft.com/schemas/VisualStudio/TeamTest/2010">
  <TestSettings name="Local" id="21b3f13a-1a3c-444b-811b-e3a6a1dbe648">
    <Description>Esta es la configuración de pruebas predeterminada para una ejecución de pruebas local.</Description>
    <Deployment enabled="false" runDeploymentRoot="EPS_clL04A-9 2013-12-04 11_36_20">
      <DeploymentItem filename="E:\Master\PCC - Puebas de control y desarrollo\VS2010 - MSTest\ProyectoDePruebaDeCajaNegra\ProyectoDePrueba\TriangleDetector.dll" />
      <DeploymentItem filename="E:\Master\PCC - Puebas de control y desarrollo\VS2010 - MSTest\ProyectoDePruebaDeCajaNegra\packages\NUnit.2.6.3\lib\nunit.framework.dll" />
      <DeploymentItem filename="E:\Master\PCC - Puebas de control y desarrollo\VS2010 - MSTest\ProyectoDePruebaDeCajaNegra\packages\SpecFlow.1.9.0\lib\net35\TechTalk.SpecFlow.dll" />
    </Deployment>
    <Execution>
      <TestTypeSpecific />
      <AgentRule name="Execution Agents">
      </AgentRule>
    </Execution>
  </TestSettings>
  <Times creation="2013-12-04T11:36:20.0000000+01:00" queuing="2013-12-04T11:36:21.2187500+01:00" start="2013-12-04T11:36:21.2812500+01:00" finish="2013-12-04T11:36:31.0937500+01:00" />
  <ResultSummary outcome="Error">
    <Counters total="24" executed="4" passed="3" error="0" failed="0" timeout="0" aborted="1" inconclusive="0" passedButRunAborted="0" notRunnable="0" notExecuted="20" disconnected="0" warning="0" completed="0" inProgress="0" pending="0" />
    <RunInfos>
      <RunInfo computerName="clL04A-9" outcome="Error" timestamp="2013-12-04T11:36:31.0937500+01:00">
        <Text>El proceso del host de pruebas terminó inesperadamente.</Text>
      </RunInfo>
    </RunInfos>
  </ResultSummary>
  <TestDefinitions>
    <UnitTest name="SiLosLadosSonCero" storage="e:\master\pcc - puebas de control y desarrollo\vs2010 - mstest\proyectodepruebadecajanegra\proyectodeprueba\bin\debug\proyectodeprueba.dll" id="60ba6f03-0a08-54f1-e073-09a0aa3d13fe">
      <Description>si los lados son cero</Description>
      <Execution id="6743a6c3-5b86-412b-80e6-c6b68de55e24" />
      <Properties>
        <Property>
          <Key>FeatureTitle</Key>
          <Value>Triangle_detector</Value>
        </Property>
      </Properties>
      <TestMethod codeBase="E:/Master/PCC - Puebas de control y desarrollo/VS2010 - MSTest/ProyectoDePruebaDeCajaNegra/ProyectoDePrueba/bin/Debug/ProyectoDePrueba.DLL" adapterTypeName="Microsoft.VisualStudio.TestTools.TestTypes.Unit.UnitTestAdapter, Microsoft.VisualStudio.QualityTools.Tips.UnitTest.Adapter, Version=10.0.0.0, Culture=neutral, PublicKeyToken=b03f5f7f11d50a3a" className="ProyectoDePrueba.Triangle_DetectorFeature, ProyectoDePrueba, Version=1.0.0.0, Culture=neutral, PublicKeyToken=null" name="SiLosLadosSonCero" />
    </UnitTest>
    <UnitTest name="Prueba_EsTriangulo4" storage="e:\master\pcc - puebas de control y desarrollo\vs2010 - mstest\proyectodepruebadecajanegra\proyectodeprueba\bin\debug\proyectodeprueba.dll" id="cf23e9dd-309e-92fe-c3c9-c080354d22b2">
      <Execution id="6677d98c-0050-42fc-8647-c19acc252667" />
      <TestMethod codeBase="E:/Master/PCC - Puebas de control y desarrollo/VS2010 - MSTest/ProyectoDePruebaDeCajaNegra/ProyectoDePrueba/bin/Debug/ProyectoDePrueba.DLL" adapterTypeName="Microsoft.VisualStudio.TestTools.TestTypes.Unit.UnitTestAdapter, Microsoft.VisualStudio.QualityTools.Tips.UnitTest.Adapter, Version=10.0.0.0, Culture=neutral, PublicKeyToken=b03f5f7f11d50a3a" className="ProyectoDePrueba.Prueba_TriangleDetector, ProyectoDePrueba, Version=1.0.0.0, Culture=neutral, PublicKeyToken=null" name="Prueba_EsTriangulo4" />
    </UnitTest>
    <UnitTest name="SiLosLadosSonDiferentes" storage="e:\master\pcc - puebas de control y desarrollo\vs2010 - mstest\proyectodepruebadecajanegra\proyectodeprueba\bin\debug\proyectodeprueba.dll" id="10208aa5-00d8-d3ff-2c98-429f9be55ef4">
      <Description>si los lados son diferentes</Description>
      <Execution id="063a455d-ce79-4023-a9be-2776b1f2d0bb" />
      <Properties>
        <Property>
          <Key>FeatureTitle</Key>
          <Value>Triangle_detector</Value>
        </Property>
      </Properties>
      <TestMethod codeBase="E:/Master/PCC - Puebas de control y desarrollo/VS2010 - MSTest/ProyectoDePruebaDeCajaNegra/ProyectoDePrueba/bin/Debug/ProyectoDePrueba.DLL" adapterTypeName="Microsoft.VisualStudio.TestTools.TestTypes.Unit.UnitTestAdapter, Microsoft.VisualStudio.QualityTools.Tips.UnitTest.Adapter, Version=10.0.0.0, Culture=neutral, PublicKeyToken=b03f5f7f11d50a3a" className="ProyectoDePrueba.Triangle_DetectorFeature, ProyectoDePrueba, Version=1.0.0.0, Culture=neutral, PublicKeyToken=null" name="SiLosLadosSonDiferentes" />
    </UnitTest>
    <UnitTest name="SiSoloDosLadosSonNegativos" storage="e:\master\pcc - puebas de control y desarrollo\vs2010 - mstest\proyectodepruebadecajanegra\proyectodeprueba\bin\debug\proyectodeprueba.dll" id="0df197d2-a3f6-3d0b-b86d-a8cf76a266d0">
      <Description>si solo dos lados son negativos</Description>
      <Execution id="65c6dea5-89fa-4449-8ea1-2335eda17842" />
      <Properties>
        <Property>
          <Key>FeatureTitle</Key>
          <Value>Triangle_detector</Value>
        </Property>
      </Properties>
      <TestMethod codeBase="E:/Master/PCC - Puebas de control y desarrollo/VS2010 - MSTest/ProyectoDePruebaDeCajaNegra/ProyectoDePrueba/bin/Debug/ProyectoDePrueba.DLL" adapterTypeName="Microsoft.VisualStudio.TestTools.TestTypes.Unit.UnitTestAdapter, Microsoft.VisualStudio.QualityTools.Tips.UnitTest.Adapter, Version=10.0.0.0, Culture=neutral, PublicKeyToken=b03f5f7f11d50a3a" className="ProyectoDePrueba.Triangle_DetectorFeature, ProyectoDePrueba, Version=1.0.0.0, Culture=neutral, PublicKeyToken=null" name="SiSoloDosLadosSonNegativos" />
    </UnitTest>
    <UnitTest name="SiDosDeSusLadosSonDiferentes" storage="e:\master\pcc - puebas de control y desarrollo\vs2010 - mstest\proyectodepruebadecajanegra\proyectodeprueba\bin\debug\proyectodeprueba.dll" id="079a6416-71d2-4ac9-d1fd-5e030811a3aa">
      <Description>si dos de sus lados son diferentes</Description>
      <Execution id="ab24a483-8526-4642-8c37-ade730b8d511" />
      <Properties>
        <Property>
          <Key>FeatureTitle</Key>
          <Value>Triangle_detector</Value>
        </Property>
      </Properties>
      <TestMethod codeBase="E:/Master/PCC - Puebas de control y desarrollo/VS2010 - MSTest/ProyectoDePruebaDeCajaNegra/ProyectoDePrueba/bin/Debug/ProyectoDePrueba.DLL" adapterTypeName="Microsoft.VisualStudio.TestTools.TestTypes.Unit.UnitTestAdapter, Microsoft.VisualStudio.QualityTools.Tips.UnitTest.Adapter, Version=10.0.0.0, Culture=neutral, PublicKeyToken=b03f5f7f11d50a3a" className="ProyectoDePrueba.Triangle_DetectorFeature, ProyectoDePrueba, Version=1.0.0.0, Culture=neutral, PublicKeyToken=null" name="SiDosDeSusLadosSonDiferentes" />
    </UnitTest>
    <UnitTest name="Prueba_EsTriangulo5" storage="e:\master\pcc - puebas de control y desarrollo\vs2010 - mstest\proyectodepruebadecajanegra\proyectodeprueba\bin\debug\proyectodeprueba.dll" id="1857a141-fc60-2354-3193-9e8d48781fa3">
      <Execution id="b7facfc6-448a-4f02-82c2-4cc2cc66c3d8" />
      <TestMethod codeBase="E:/Master/PCC - Puebas de control y desarrollo/VS2010 - MSTest/ProyectoDePruebaDeCajaNegra/ProyectoDePrueba/bin/Debug/ProyectoDePrueba.DLL" adapterTypeName="Microsoft.VisualStudio.TestTools.TestTypes.Unit.UnitTestAdapter, Microsoft.VisualStudio.QualityTools.Tips.UnitTest.Adapter, Version=10.0.0.0, Culture=neutral, PublicKeyToken=b03f5f7f11d50a3a" className="ProyectoDePrueba.Prueba_TriangleDetector, ProyectoDePrueba, Version=1.0.0.0, Culture=neutral, PublicKeyToken=null" name="Prueba_EsTriangulo5" />
    </UnitTest>
    <UnitTest name="LadosInconclusos" storage="e:\master\pcc - puebas de control y desarrollo\vs2010 - mstest\proyectodepruebadecajanegra\proyectodeprueba\bin\debug\proyectodeprueba.dll" id="9ce18471-95b5-e985-01e9-6acec7ef9ef9">
      <Description>Lados inconclusos</Description>
      <Execution id="c1c37749-fe08-4bf8-b19b-eec8381bee63" />
      <Properties>
        <Property>
          <Key>FeatureTitle</Key>
          <Value>Triangle_detector</Value>
        </Property>
      </Properties>
      <TestMethod codeBase="E:/Master/PCC - Puebas de control y desarrollo/VS2010 - MSTest/ProyectoDePruebaDeCajaNegra/ProyectoDePrueba/bin/Debug/ProyectoDePrueba.DLL" adapterTypeName="Microsoft.VisualStudio.TestTools.TestTypes.Unit.UnitTestAdapter, Microsoft.VisualStudio.QualityTools.Tips.UnitTest.Adapter, Version=10.0.0.0, Culture=neutral, PublicKeyToken=b03f5f7f11d50a3a" className="ProyectoDePrueba.Triangle_DetectorFeature, ProyectoDePrueba, Version=1.0.0.0, Culture=neutral, PublicKeyToken=null" name="LadosInconclusos" />
    </UnitTest>
    <UnitTest name="Prueba_EsTriangulo11" storage="e:\master\pcc - puebas de control y desarrollo\vs2010 - mstest\proyectodepruebadecajanegra\proyectodeprueba\bin\debug\proyectodeprueba.dll" id="e550d784-9477-315b-5b2a-a50f87ea5b93">
      <Execution id="c7f876ca-6e27-4c5a-94df-a1cc23d8dd3f" />
      <TestMethod codeBase="E:/Master/PCC - Puebas de control y desarrollo/VS2010 - MSTest/ProyectoDePruebaDeCajaNegra/ProyectoDePrueba/bin/Debug/ProyectoDePrueba.DLL" adapterTypeName="Microsoft.VisualStudio.TestTools.TestTypes.Unit.UnitTestAdapter, Microsoft.VisualStudio.QualityTools.Tips.UnitTest.Adapter, Version=10.0.0.0, Culture=neutral, PublicKeyToken=b03f5f7f11d50a3a" className="ProyectoDePrueba.Prueba_TriangleDetector, ProyectoDePrueba, Version=1.0.0.0, Culture=neutral, PublicKeyToken=null" name="Prueba_EsTriangulo11" />
    </UnitTest>
    <UnitTest name="Prueba_EsTriangulo15" storage="e:\master\pcc - puebas de control y desarrollo\vs2010 - mstest\proyectodepruebadecajanegra\proyectodeprueba\bin\debug\proyectodeprueba.dll" id="f57e65be-94e7-0b53-634c-d6035e3fc71c">
      <Execution id="0637f47d-3a3c-4694-99fc-853b7fdbc5af" />
      <TestMethod codeBase="E:/Master/PCC - Puebas de control y desarrollo/VS2010 - MSTest/ProyectoDePruebaDeCajaNegra/ProyectoDePrueba/bin/Debug/ProyectoDePrueba.DLL" adapterTypeName="Microsoft.VisualStudio.TestTools.TestTypes.Unit.UnitTestAdapter, Microsoft.VisualStudio.QualityTools.Tips.UnitTest.Adapter, Version=10.0.0.0, Culture=neutral, PublicKeyToken=b03f5f7f11d50a3a" className="ProyectoDePrueba.Prueba_TriangleDetector, ProyectoDePrueba, Version=1.0.0.0, Culture=neutral, PublicKeyToken=null" name="Prueba_EsTriangulo15" />
    </UnitTest>
    <UnitTest name="SiTenemosDosLadosSonNegativos" storage="e:\master\pcc - puebas de control y desarrollo\vs2010 - mstest\proyectodepruebadecajanegra\proyectodeprueba\bin\debug\proyectodeprueba.dll" id="a8f72322-0320-9ea7-908f-b82c8f9286d9">
      <Description>si tenemos dos lados son negativos</Description>
      <Execution id="fd616870-bbd2-42e0-a39b-84e1960f1f20" />
      <Properties>
        <Property>
          <Key>FeatureTitle</Key>
          <Value>Triangle_detector</Value>
        </Property>
      </Properties>
      <TestMethod codeBase="E:/Master/PCC - Puebas de control y desarrollo/VS2010 - MSTest/ProyectoDePruebaDeCajaNegra/ProyectoDePrueba/bin/Debug/ProyectoDePrueba.DLL" adapterTypeName="Microsoft.VisualStudio.TestTools.TestTypes.Unit.UnitTestAdapter, Microsoft.VisualStudio.QualityTools.Tips.UnitTest.Adapter, Version=10.0.0.0, Culture=neutral, PublicKeyToken=b03f5f7f11d50a3a" className="ProyectoDePrueba.Triangle_DetectorFeature, ProyectoDePrueba, Version=1.0.0.0, Culture=neutral, PublicKeyToken=null" name="SiTenemosDosLadosSonNegativos" />
    </UnitTest>
    <UnitTest name="Prueba_EsTriangulo14" storage="e:\master\pcc - puebas de control y desarrollo\vs2010 - mstest\proyectodepruebadecajanegra\proyectodeprueba\bin\debug\proyectodeprueba.dll" id="ef832253-a6a5-308d-4448-99447b717871">
      <Execution id="875257f1-1bf5-4af8-81dc-05ef51178a33" />
      <TestMethod codeBase="E:/Master/PCC - Puebas de control y desarrollo/VS2010 - MSTest/ProyectoDePruebaDeCajaNegra/ProyectoDePrueba/bin/Debug/ProyectoDePrueba.DLL" adapterTypeName="Microsoft.VisualStudio.TestTools.TestTypes.Unit.UnitTestAdapter, Microsoft.VisualStudio.QualityTools.Tips.UnitTest.Adapter, Version=10.0.0.0, Culture=neutral, PublicKeyToken=b03f5f7f11d50a3a" className="ProyectoDePrueba.Prueba_TriangleDetector, ProyectoDePrueba, Version=1.0.0.0, Culture=neutral, PublicKeyToken=null" name="Prueba_EsTriangulo14" />
    </UnitTest>
    <UnitTest name="Prueba_EsTriangulo12" storage="e:\master\pcc - puebas de control y desarrollo\vs2010 - mstest\proyectodepruebadecajanegra\proyectodeprueba\bin\debug\proyectodeprueba.dll" id="e6e26bed-50e2-cd0f-6f38-0db97e23cac4">
      <Execution id="e47600d1-3f2e-4181-baf9-01cfedb7a3a3" />
      <TestMethod codeBase="E:/Master/PCC - Puebas de control y desarrollo/VS2010 - MSTest/ProyectoDePruebaDeCajaNegra/ProyectoDePrueba/bin/Debug/ProyectoDePrueba.DLL" adapterTypeName="Microsoft.VisualStudio.TestTools.TestTypes.Unit.UnitTestAdapter, Microsoft.VisualStudio.QualityTools.Tips.UnitTest.Adapter, Version=10.0.0.0, Culture=neutral, PublicKeyToken=b03f5f7f11d50a3a" className="ProyectoDePrueba.Prueba_TriangleDetector, ProyectoDePrueba, Version=1.0.0.0, Culture=neutral, PublicKeyToken=null" name="Prueba_EsTriangulo12" />
    </UnitTest>
    <UnitTest name="Prueba_EsTriangulo18" storage="e:\master\pcc - puebas de control y desarrollo\vs2010 - mstest\proyectodepruebadecajanegra\proyectodeprueba\bin\debug\proyectodeprueba.dll" id="2eadf1ee-cde2-e639-e9a8-0e1bc8aa5953">
      <Execution id="0c907804-7e02-4d2e-9447-e4fc6e836016" />
      <TestMethod codeBase="E:/Master/PCC - Puebas de control y desarrollo/VS2010 - MSTest/ProyectoDePruebaDeCajaNegra/ProyectoDePrueba/bin/Debug/ProyectoDePrueba.DLL" adapterTypeName="Microsoft.VisualStudio.TestTools.TestTypes.Unit.UnitTestAdapter, Microsoft.VisualStudio.QualityTools.Tips.UnitTest.Adapter, Version=10.0.0.0, Culture=neutral, PublicKeyToken=b03f5f7f11d50a3a" className="ProyectoDePrueba.Prueba_TriangleDetector, ProyectoDePrueba, Version=1.0.0.0, Culture=neutral, PublicKeyToken=null" name="Prueba_EsTriangulo18" />
    </UnitTest>
    <UnitTest name="Prueba_EsTriangulo16" storage="e:\master\pcc - puebas de control y desarrollo\vs2010 - mstest\proyectodepruebadecajanegra\proyectodeprueba\bin\debug\proyectodeprueba.dll" id="2b751b65-8961-5bac-8043-2e6e6adf1404">
      <Execution id="edaac473-ba40-49c4-979d-8973d5f079cf" />
      <TestMethod codeBase="E:/Master/PCC - Puebas de control y desarrollo/VS2010 - MSTest/ProyectoDePruebaDeCajaNegra/ProyectoDePrueba/bin/Debug/ProyectoDePrueba.DLL" adapterTypeName="Microsoft.VisualStudio.TestTools.TestTypes.Unit.UnitTestAdapter, Microsoft.VisualStudio.QualityTools.Tips.UnitTest.Adapter, Version=10.0.0.0, Culture=neutral, PublicKeyToken=b03f5f7f11d50a3a" className="ProyectoDePrueba.Prueba_TriangleDetector, ProyectoDePrueba, Version=1.0.0.0, Culture=neutral, PublicKeyToken=null" name="Prueba_EsTriangulo16" />
    </UnitTest>
    <UnitTest name="SiDosLadosSonNegativos" storage="e:\master\pcc - puebas de control y desarrollo\vs2010 - mstest\proyectodepruebadecajanegra\proyectodeprueba\bin\debug\proyectodeprueba.dll" id="0ee955cb-e569-7bbe-d0ca-defed9f3466f">
      <Description>si dos lados son negativos</Description>
      <Execution id="a73b6453-752d-46d9-9bcc-420403213078" />
      <Properties>
        <Property>
          <Key>FeatureTitle</Key>
          <Value>Triangle_detector</Value>
        </Property>
      </Properties>
      <TestMethod codeBase="E:/Master/PCC - Puebas de control y desarrollo/VS2010 - MSTest/ProyectoDePruebaDeCajaNegra/ProyectoDePrueba/bin/Debug/ProyectoDePrueba.DLL" adapterTypeName="Microsoft.VisualStudio.TestTools.TestTypes.Unit.UnitTestAdapter, Microsoft.VisualStudio.QualityTools.Tips.UnitTest.Adapter, Version=10.0.0.0, Culture=neutral, PublicKeyToken=b03f5f7f11d50a3a" className="ProyectoDePrueba.Triangle_DetectorFeature, ProyectoDePrueba, Version=1.0.0.0, Culture=neutral, PublicKeyToken=null" name="SiDosLadosSonNegativos" />
    </UnitTest>
    <UnitTest name="Prueba_EsTriangulo10" storage="e:\master\pcc - puebas de control y desarrollo\vs2010 - mstest\proyectodepruebadecajanegra\proyectodeprueba\bin\debug\proyectodeprueba.dll" id="7b43bc24-c25d-a421-9bda-93ea43cd1afd">
      <Execution id="a2b0196c-590c-4efc-86bc-20bb65d1794b" />
      <TestMethod codeBase="E:/Master/PCC - Puebas de control y desarrollo/VS2010 - MSTest/ProyectoDePruebaDeCajaNegra/ProyectoDePrueba/bin/Debug/ProyectoDePrueba.DLL" adapterTypeName="Microsoft.VisualStudio.TestTools.TestTypes.Unit.UnitTestAdapter, Microsoft.VisualStudio.QualityTools.Tips.UnitTest.Adapter, Version=10.0.0.0, Culture=neutral, PublicKeyToken=b03f5f7f11d50a3a" className="ProyectoDePrueba.Prueba_TriangleDetector, ProyectoDePrueba, Version=1.0.0.0, Culture=neutral, PublicKeyToken=null" name="Prueba_EsTriangulo10" />
    </UnitTest>
    <UnitTest name="SiLosLadosSonIguales" storage="e:\master\pcc - puebas de control y desarrollo\vs2010 - mstest\proyectodepruebadecajanegra\proyectodeprueba\bin\debug\proyectodeprueba.dll" id="10a35410-3079-961b-5083-ed9ef4936f5f">
      <Description>si los lados son iguales</Description>
      <TestCategory>
        <TestCategoryItem TestCategory="mytag" />
      </TestCategory>
      <Execution id="5096e856-ec7f-4bfc-bfdf-56663f946b7a" />
      <Properties>
        <Property>
          <Key>FeatureTitle</Key>
          <Value>Triangle_detector</Value>
        </Property>
      </Properties>
      <TestMethod codeBase="E:/Master/PCC - Puebas de control y desarrollo/VS2010 - MSTest/ProyectoDePruebaDeCajaNegra/ProyectoDePrueba/bin/Debug/ProyectoDePrueba.DLL" adapterTypeName="Microsoft.VisualStudio.TestTools.TestTypes.Unit.UnitTestAdapter, Microsoft.VisualStudio.QualityTools.Tips.UnitTest.Adapter, Version=10.0.0.0, Culture=neutral, PublicKeyToken=b03f5f7f11d50a3a" className="ProyectoDePrueba.Triangle_DetectorFeature, ProyectoDePrueba, Version=1.0.0.0, Culture=neutral, PublicKeyToken=null" name="SiLosLadosSonIguales" />
    </UnitTest>
    <UnitTest name="SiLosLadosSonNegativos" storage="e:\master\pcc - puebas de control y desarrollo\vs2010 - mstest\proyectodepruebadecajanegra\proyectodeprueba\bin\debug\proyectodeprueba.dll" id="e4e7bed6-6fff-dd03-b020-b5e5d49795b1">
      <Description>si los lados son negativos</Description>
      <Execution id="ecae46ea-3572-4d9e-a2de-68cd3dbddf22" />
      <Properties>
        <Property>
          <Key>FeatureTitle</Key>
          <Value>Triangle_detector</Value>
        </Property>
      </Properties>
      <TestMethod codeBase="E:/Master/PCC - Puebas de control y desarrollo/VS2010 - MSTest/ProyectoDePruebaDeCajaNegra/ProyectoDePrueba/bin/Debug/ProyectoDePrueba.DLL" adapterTypeName="Microsoft.VisualStudio.TestTools.TestTypes.Unit.UnitTestAdapter, Microsoft.VisualStudio.QualityTools.Tips.UnitTest.Adapter, Version=10.0.0.0, Culture=neutral, PublicKeyToken=b03f5f7f11d50a3a" className="ProyectoDePrueba.Triangle_DetectorFeature, ProyectoDePrueba, Version=1.0.0.0, Culture=neutral, PublicKeyToken=null" name="SiLosLadosSonNegativos" />
    </UnitTest>
    <UnitTest name="Prueba_EsTriangulo13" storage="e:\master\pcc - puebas de control y desarrollo\vs2010 - mstest\proyectodepruebadecajanegra\proyectodeprueba\bin\debug\proyectodeprueba.dll" id="48f013ed-83ed-7a03-d949-9633da4c2f1f">
      <Execution id="1b4931f3-99e2-4159-82f8-9a8dc19aaf62" />
      <TestMethod codeBase="E:/Master/PCC - Puebas de control y desarrollo/VS2010 - MSTest/ProyectoDePruebaDeCajaNegra/ProyectoDePrueba/bin/Debug/ProyectoDePrueba.DLL" adapterTypeName="Microsoft.VisualStudio.TestTools.TestTypes.Unit.UnitTestAdapter, Microsoft.VisualStudio.QualityTools.Tips.UnitTest.Adapter, Version=10.0.0.0, Culture=neutral, PublicKeyToken=b03f5f7f11d50a3a" className="ProyectoDePrueba.Prueba_TriangleDetector, ProyectoDePrueba, Version=1.0.0.0, Culture=neutral, PublicKeyToken=null" name="Prueba_EsTriangulo13" />
    </UnitTest>
    <UnitTest name="Prueba_EsTriangulo6" storage="e:\master\pcc - puebas de control y desarrollo\vs2010 - mstest\proyectodepruebadecajanegra\proyectodeprueba\bin\debug\proyectodeprueba.dll" id="0b92605c-28a2-2e0e-f941-64236c63aa4a">
      <Execution id="6fb3b0c4-d801-48c1-8da0-03c2c2fe488d" />
      <TestMethod codeBase="E:/Master/PCC - Puebas de control y desarrollo/VS2010 - MSTest/ProyectoDePruebaDeCajaNegra/ProyectoDePrueba/bin/Debug/ProyectoDePrueba.DLL" adapterTypeName="Microsoft.VisualStudio.TestTools.TestTypes.Unit.UnitTestAdapter, Microsoft.VisualStudio.QualityTools.Tips.UnitTest.Adapter, Version=10.0.0.0, Culture=neutral, PublicKeyToken=b03f5f7f11d50a3a" className="ProyectoDePrueba.Prueba_TriangleDetector, ProyectoDePrueba, Version=1.0.0.0, Culture=neutral, PublicKeyToken=null" name="Prueba_EsTriangulo6" />
    </UnitTest>
    <UnitTest name="SiTerceroLadosSonCero" storage="e:\master\pcc - puebas de control y desarrollo\vs2010 - mstest\proyectodepruebadecajanegra\proyectodeprueba\bin\debug\proyectodeprueba.dll" id="5f42256c-f495-ff50-743c-2d582deb12b3">
      <Description>si tercero lados son cero</Description>
      <Execution id="c3a64b94-9d96-45f0-aa25-1962f20ef3fd" />
      <Properties>
        <Property>
          <Key>FeatureTitle</Key>
          <Value>Triangle_detector</Value>
        </Property>
      </Properties>
      <TestMethod codeBase="E:/Master/PCC - Puebas de control y desarrollo/VS2010 - MSTest/ProyectoDePruebaDeCajaNegra/ProyectoDePrueba/bin/Debug/ProyectoDePrueba.DLL" adapterTypeName="Microsoft.VisualStudio.TestTools.TestTypes.Unit.UnitTestAdapter, Microsoft.VisualStudio.QualityTools.Tips.UnitTest.Adapter, Version=10.0.0.0, Culture=neutral, PublicKeyToken=b03f5f7f11d50a3a" className="ProyectoDePrueba.Triangle_DetectorFeature, ProyectoDePrueba, Version=1.0.0.0, Culture=neutral, PublicKeyToken=null" name="SiTerceroLadosSonCero" />
    </UnitTest>
    <UnitTest name="SiPrimerLadosSonCero" storage="e:\master\pcc - puebas de control y desarrollo\vs2010 - mstest\proyectodepruebadecajanegra\proyectodeprueba\bin\debug\proyectodeprueba.dll" id="5f4098b0-ae70-0c38-73d5-3680aa6f5adc">
      <Description>si primer lados son cero</Description>
      <Execution id="7f708630-7ceb-4244-93e6-293eecb4a771" />
      <Properties>
        <Property>
          <Key>FeatureTitle</Key>
          <Value>Triangle_detector</Value>
        </Property>
      </Properties>
      <TestMethod codeBase="E:/Master/PCC - Puebas de control y desarrollo/VS2010 - MSTest/ProyectoDePruebaDeCajaNegra/ProyectoDePrueba/bin/Debug/ProyectoDePrueba.DLL" adapterTypeName="Microsoft.VisualStudio.TestTools.TestTypes.Unit.UnitTestAdapter, Microsoft.VisualStudio.QualityTools.Tips.UnitTest.Adapter, Version=10.0.0.0, Culture=neutral, PublicKeyToken=b03f5f7f11d50a3a" className="ProyectoDePrueba.Triangle_DetectorFeature, ProyectoDePrueba, Version=1.0.0.0, Culture=neutral, PublicKeyToken=null" name="SiPrimerLadosSonCero" />
    </UnitTest>
    <UnitTest name="SiSegundoLadosSonCero" storage="e:\master\pcc - puebas de control y desarrollo\vs2010 - mstest\proyectodepruebadecajanegra\proyectodeprueba\bin\debug\proyectodeprueba.dll" id="327fdb4f-3500-3bd9-5e88-dcecc48fac8b">
      <Description>si segundo lados son cero</Description>
      <Execution id="85aeef93-d507-4e97-9fd1-4e4cc39a2671" />
      <Properties>
        <Property>
          <Key>FeatureTitle</Key>
          <Value>Triangle_detector</Value>
        </Property>
      </Properties>
      <TestMethod codeBase="E:/Master/PCC - Puebas de control y desarrollo/VS2010 - MSTest/ProyectoDePruebaDeCajaNegra/ProyectoDePrueba/bin/Debug/ProyectoDePrueba.DLL" adapterTypeName="Microsoft.VisualStudio.TestTools.TestTypes.Unit.UnitTestAdapter, Microsoft.VisualStudio.QualityTools.Tips.UnitTest.Adapter, Version=10.0.0.0, Culture=neutral, PublicKeyToken=b03f5f7f11d50a3a" className="ProyectoDePrueba.Triangle_DetectorFeature, ProyectoDePrueba, Version=1.0.0.0, Culture=neutral, PublicKeyToken=null" name="SiSegundoLadosSonCero" />
    </UnitTest>
    <UnitTest name="Prueba_EsTriangulo17" storage="e:\master\pcc - puebas de control y desarrollo\vs2010 - mstest\proyectodepruebadecajanegra\proyectodeprueba\bin\debug\proyectodeprueba.dll" id="ccbc53bf-4918-2d9c-deb7-c7d41ee4b9f3">
      <Execution id="8cbb1cbc-fbb2-4339-8f1e-e5195ade9a42" />
      <TestMethod codeBase="E:/Master/PCC - Puebas de control y desarrollo/VS2010 - MSTest/ProyectoDePruebaDeCajaNegra/ProyectoDePrueba/bin/Debug/ProyectoDePrueba.DLL" adapterTypeName="Microsoft.VisualStudio.TestTools.TestTypes.Unit.UnitTestAdapter, Microsoft.VisualStudio.QualityTools.Tips.UnitTest.Adapter, Version=10.0.0.0, Culture=neutral, PublicKeyToken=b03f5f7f11d50a3a" className="ProyectoDePrueba.Prueba_TriangleDetector, ProyectoDePrueba, Version=1.0.0.0, Culture=neutral, PublicKeyToken=null" name="Prueba_EsTriangulo17" />
    </UnitTest>
  </TestDefinitions>
  <TestLists>
    <TestList name="Resultados que no están en la lista" id="8c84fa94-04c1-424b-9868-57a2d4851a1d" />
    <TestList name="Todos los resultados cargados" id="19431567-8539-422a-85d7-44ee4e166bda" />
  </TestLists>
  <TestEntries>
    <TestEntry testId="cf23e9dd-309e-92fe-c3c9-c080354d22b2" executionId="6677d98c-0050-42fc-8647-c19acc252667" testListId="8c84fa94-04c1-424b-9868-57a2d4851a1d" />
    <TestEntry testId="1857a141-fc60-2354-3193-9e8d48781fa3" executionId="b7facfc6-448a-4f02-82c2-4cc2cc66c3d8" testListId="8c84fa94-04c1-424b-9868-57a2d4851a1d" />
    <TestEntry testId="0b92605c-28a2-2e0e-f941-64236c63aa4a" executionId="6fb3b0c4-d801-48c1-8da0-03c2c2fe488d" testListId="8c84fa94-04c1-424b-9868-57a2d4851a1d" />
    <TestEntry testId="7b43bc24-c25d-a421-9bda-93ea43cd1afd" executionId="a2b0196c-590c-4efc-86bc-20bb65d1794b" testListId="8c84fa94-04c1-424b-9868-57a2d4851a1d" />
    <TestEntry testId="10a35410-3079-961b-5083-ed9ef4936f5f" executionId="5096e856-ec7f-4bfc-bfdf-56663f946b7a" testListId="8c84fa94-04c1-424b-9868-57a2d4851a1d" />
    <TestEntry testId="10208aa5-00d8-d3ff-2c98-429f9be55ef4" executionId="063a455d-ce79-4023-a9be-2776b1f2d0bb" testListId="8c84fa94-04c1-424b-9868-57a2d4851a1d" />
    <TestEntry testId="079a6416-71d2-4ac9-d1fd-5e030811a3aa" executionId="ab24a483-8526-4642-8c37-ade730b8d511" testListId="8c84fa94-04c1-424b-9868-57a2d4851a1d" />
    <TestEntry testId="e4e7bed6-6fff-dd03-b020-b5e5d49795b1" executionId="ecae46ea-3572-4d9e-a2de-68cd3dbddf22" testListId="8c84fa94-04c1-424b-9868-57a2d4851a1d" />
    <TestEntry testId="0df197d2-a3f6-3d0b-b86d-a8cf76a266d0" executionId="65c6dea5-89fa-4449-8ea1-2335eda17842" testListId="8c84fa94-04c1-424b-9868-57a2d4851a1d" />
    <TestEntry testId="0ee955cb-e569-7bbe-d0ca-defed9f3466f" executionId="a73b6453-752d-46d9-9bcc-420403213078" testListId="8c84fa94-04c1-424b-9868-57a2d4851a1d" />
    <TestEntry testId="a8f72322-0320-9ea7-908f-b82c8f9286d9" executionId="fd616870-bbd2-42e0-a39b-84e1960f1f20" testListId="8c84fa94-04c1-424b-9868-57a2d4851a1d" />
    <TestEntry testId="60ba6f03-0a08-54f1-e073-09a0aa3d13fe" executionId="6743a6c3-5b86-412b-80e6-c6b68de55e24" testListId="8c84fa94-04c1-424b-9868-57a2d4851a1d" />
    <TestEntry testId="5f4098b0-ae70-0c38-73d5-3680aa6f5adc" executionId="7f708630-7ceb-4244-93e6-293eecb4a771" testListId="8c84fa94-04c1-424b-9868-57a2d4851a1d" />
    <TestEntry testId="327fdb4f-3500-3bd9-5e88-dcecc48fac8b" executionId="85aeef93-d507-4e97-9fd1-4e4cc39a2671" testListId="8c84fa94-04c1-424b-9868-57a2d4851a1d" />
    <TestEntry testId="5f42256c-f495-ff50-743c-2d582deb12b3" executionId="c3a64b94-9d96-45f0-aa25-1962f20ef3fd" testListId="8c84fa94-04c1-424b-9868-57a2d4851a1d" />
    <TestEntry testId="9ce18471-95b5-e985-01e9-6acec7ef9ef9" executionId="c1c37749-fe08-4bf8-b19b-eec8381bee63" testListId="8c84fa94-04c1-424b-9868-57a2d4851a1d" />
    <TestEntry testId="e550d784-9477-315b-5b2a-a50f87ea5b93" executionId="c7f876ca-6e27-4c5a-94df-a1cc23d8dd3f" testListId="8c84fa94-04c1-424b-9868-57a2d4851a1d" />
    <TestEntry testId="e6e26bed-50e2-cd0f-6f38-0db97e23cac4" executionId="e47600d1-3f2e-4181-baf9-01cfedb7a3a3" testListId="8c84fa94-04c1-424b-9868-57a2d4851a1d" />
    <TestEntry testId="48f013ed-83ed-7a03-d949-9633da4c2f1f" executionId="1b4931f3-99e2-4159-82f8-9a8dc19aaf62" testListId="8c84fa94-04c1-424b-9868-57a2d4851a1d" />
    <TestEntry testId="ef832253-a6a5-308d-4448-99447b717871" executionId="875257f1-1bf5-4af8-81dc-05ef51178a33" testListId="8c84fa94-04c1-424b-9868-57a2d4851a1d" />
    <TestEntry testId="f57e65be-94e7-0b53-634c-d6035e3fc71c" executionId="0637f47d-3a3c-4694-99fc-853b7fdbc5af" testListId="8c84fa94-04c1-424b-9868-57a2d4851a1d" />
    <TestEntry testId="2b751b65-8961-5bac-8043-2e6e6adf1404" executionId="edaac473-ba40-49c4-979d-8973d5f079cf" testListId="8c84fa94-04c1-424b-9868-57a2d4851a1d" />
    <TestEntry testId="ccbc53bf-4918-2d9c-deb7-c7d41ee4b9f3" executionId="8cbb1cbc-fbb2-4339-8f1e-e5195ade9a42" testListId="8c84fa94-04c1-424b-9868-57a2d4851a1d" />
    <TestEntry testId="2eadf1ee-cde2-e639-e9a8-0e1bc8aa5953" executionId="0c907804-7e02-4d2e-9447-e4fc6e836016" testListId="8c84fa94-04c1-424b-9868-57a2d4851a1d" />
  </TestEntries>
  <Results>
    <UnitTestResult executionId="6677d98c-0050-42fc-8647-c19acc252667" testId="cf23e9dd-309e-92fe-c3c9-c080354d22b2" testName="Prueba_EsTriangulo4" computerName="clL04A-9" duration="00:00:00.0263013" startTime="2013-12-04T11:36:21.3125000+01:00" endTime="2013-12-04T11:36:21.9218750+01:00" testType="13cdc9d9-ddb5-4fa4-a97d-d965ccfc6d4b" outcome="Passed" testListId="8c84fa94-04c1-424b-9868-57a2d4851a1d" relativeResultsDirectory="6677d98c-0050-42fc-8647-c19acc252667">
    </UnitTestResult>
    <UnitTestResult executionId="b7facfc6-448a-4f02-82c2-4cc2cc66c3d8" testId="1857a141-fc60-2354-3193-9e8d48781fa3" testName="Prueba_EsTriangulo5" computerName="clL04A-9" duration="00:00:00.0002464" startTime="2013-12-04T11:36:21.9375000+01:00" endTime="2013-12-04T11:36:21.9375000+01:00" testType="13cdc9d9-ddb5-4fa4-a97d-d965ccfc6d4b" outcome="Passed" testListId="8c84fa94-04c1-424b-9868-57a2d4851a1d" relativeResultsDirectory="b7facfc6-448a-4f02-82c2-4cc2cc66c3d8">
    </UnitTestResult>
    <UnitTestResult executionId="6fb3b0c4-d801-48c1-8da0-03c2c2fe488d" testId="0b92605c-28a2-2e0e-f941-64236c63aa4a" testName="Prueba_EsTriangulo6" computerName="clL04A-9" duration="00:00:00.0002371" startTime="2013-12-04T11:36:21.9687500+01:00" endTime="2013-12-04T11:36:21.9687500+01:00" testType="13cdc9d9-ddb5-4fa4-a97d-d965ccfc6d4b" outcome="Passed" testListId="8c84fa94-04c1-424b-9868-57a2d4851a1d" relativeResultsDirectory="6fb3b0c4-d801-48c1-8da0-03c2c2fe488d">
    </UnitTestResult>
    <UnitTestResult executionId="a2b0196c-590c-4efc-86bc-20bb65d1794b" testId="7b43bc24-c25d-a421-9bda-93ea43cd1afd" testName="Prueba_EsTriangulo10" computerName="clL04A-9" duration="00:00:09.1093750" startTime="2013-12-04T11:36:21.9843750+01:00" endTime="2013-12-04T11:36:31.0937500+01:00" testType="13cdc9d9-ddb5-4fa4-a97d-d965ccfc6d4b" outcome="Aborted" testListId="8c84fa94-04c1-424b-9868-57a2d4851a1d" relativeResultsDirectory="a2b0196c-590c-4efc-86bc-20bb65d1794b">
    </UnitTestResult>
    <UnitTestResult executionId="5096e856-ec7f-4bfc-bfdf-56663f946b7a" testId="10a35410-3079-961b-5083-ed9ef4936f5f" testName="SiLosLadosSonIguales" computerName="clL04A-9" testType="13cdc9d9-ddb5-4fa4-a97d-d965ccfc6d4b" outcome="NotExecuted" testListId="8c84fa94-04c1-424b-9868-57a2d4851a1d" relativeResultsDirectory="5096e856-ec7f-4bfc-bfdf-56663f946b7a">
    </UnitTestResult>
    <UnitTestResult executionId="063a455d-ce79-4023-a9be-2776b1f2d0bb" testId="10208aa5-00d8-d3ff-2c98-429f9be55ef4" testName="SiLosLadosSonDiferentes" computerName="clL04A-9" testType="13cdc9d9-ddb5-4fa4-a97d-d965ccfc6d4b" outcome="NotExecuted" testListId="8c84fa94-04c1-424b-9868-57a2d4851a1d" relativeResultsDirectory="063a455d-ce79-4023-a9be-2776b1f2d0bb">
    </UnitTestResult>
    <UnitTestResult executionId="ab24a483-8526-4642-8c37-ade730b8d511" testId="079a6416-71d2-4ac9-d1fd-5e030811a3aa" testName="SiDosDeSusLadosSonDiferentes" computerName="clL04A-9" testType="13cdc9d9-ddb5-4fa4-a97d-d965ccfc6d4b" outcome="NotExecuted" testListId="8c84fa94-04c1-424b-9868-57a2d4851a1d" relativeResultsDirectory="ab24a483-8526-4642-8c37-ade730b8d511">
    </UnitTestResult>
    <UnitTestResult executionId="ecae46ea-3572-4d9e-a2de-68cd3dbddf22" testId="e4e7bed6-6fff-dd03-b020-b5e5d49795b1" testName="SiLosLadosSonNegativos" computerName="clL04A-9" testType="13cdc9d9-ddb5-4fa4-a97d-d965ccfc6d4b" outcome="NotExecuted" testListId="8c84fa94-04c1-424b-9868-57a2d4851a1d" relativeResultsDirectory="ecae46ea-3572-4d9e-a2de-68cd3dbddf22">
    </UnitTestResult>
    <UnitTestResult executionId="65c6dea5-89fa-4449-8ea1-2335eda17842" testId="0df197d2-a3f6-3d0b-b86d-a8cf76a266d0" testName="SiSoloDosLadosSonNegativos" computerName="clL04A-9" testType="13cdc9d9-ddb5-4fa4-a97d-d965ccfc6d4b" outcome="NotExecuted" testListId="8c84fa94-04c1-424b-9868-57a2d4851a1d" relativeResultsDirectory="65c6dea5-89fa-4449-8ea1-2335eda17842">
    </UnitTestResult>
    <UnitTestResult executionId="a73b6453-752d-46d9-9bcc-420403213078" testId="0ee955cb-e569-7bbe-d0ca-defed9f3466f" testName="SiDosLadosSonNegativos" computerName="clL04A-9" testType="13cdc9d9-ddb5-4fa4-a97d-d965ccfc6d4b" outcome="NotExecuted" testListId="8c84fa94-04c1-424b-9868-57a2d4851a1d" relativeResultsDirectory="a73b6453-752d-46d9-9bcc-420403213078">
    </UnitTestResult>
    <UnitTestResult executionId="fd616870-bbd2-42e0-a39b-84e1960f1f20" testId="a8f72322-0320-9ea7-908f-b82c8f9286d9" testName="SiTenemosDosLadosSonNegativos" computerName="clL04A-9" testType="13cdc9d9-ddb5-4fa4-a97d-d965ccfc6d4b" outcome="NotExecuted" testListId="8c84fa94-04c1-424b-9868-57a2d4851a1d" relativeResultsDirectory="fd616870-bbd2-42e0-a39b-84e1960f1f20">
    </UnitTestResult>
    <UnitTestResult executionId="6743a6c3-5b86-412b-80e6-c6b68de55e24" testId="60ba6f03-0a08-54f1-e073-09a0aa3d13fe" testName="SiLosLadosSonCero" computerName="clL04A-9" testType="13cdc9d9-ddb5-4fa4-a97d-d965ccfc6d4b" outcome="NotExecuted" testListId="8c84fa94-04c1-424b-9868-57a2d4851a1d" relativeResultsDirectory="6743a6c3-5b86-412b-80e6-c6b68de55e24">
    </UnitTestResult>
    <UnitTestResult executionId="7f708630-7ceb-4244-93e6-293eecb4a771" testId="5f4098b0-ae70-0c38-73d5-3680aa6f5adc" testName="SiPrimerLadosSonCero" computerName="clL04A-9" testType="13cdc9d9-ddb5-4fa4-a97d-d965ccfc6d4b" outcome="NotExecuted" testListId="8c84fa94-04c1-424b-9868-57a2d4851a1d" relativeResultsDirectory="7f708630-7ceb-4244-93e6-293eecb4a771">
    </UnitTestResult>
    <UnitTestResult executionId="85aeef93-d507-4e97-9fd1-4e4cc39a2671" testId="327fdb4f-3500-3bd9-5e88-dcecc48fac8b" testName="SiSegundoLadosSonCero" computerName="clL04A-9" testType="13cdc9d9-ddb5-4fa4-a97d-d965ccfc6d4b" outcome="NotExecuted" testListId="8c84fa94-04c1-424b-9868-57a2d4851a1d" relativeResultsDirectory="85aeef93-d507-4e97-9fd1-4e4cc39a2671">
    </UnitTestResult>
    <UnitTestResult executionId="c3a64b94-9d96-45f0-aa25-1962f20ef3fd" testId="5f42256c-f495-ff50-743c-2d582deb12b3" testName="SiTerceroLadosSonCero" computerName="clL04A-9" testType="13cdc9d9-ddb5-4fa4-a97d-d965ccfc6d4b" outcome="NotExecuted" testListId="8c84fa94-04c1-424b-9868-57a2d4851a1d" relativeResultsDirectory="c3a64b94-9d96-45f0-aa25-1962f20ef3fd">
    </UnitTestResult>
    <UnitTestResult executionId="c1c37749-fe08-4bf8-b19b-eec8381bee63" testId="9ce18471-95b5-e985-01e9-6acec7ef9ef9" testName="LadosInconclusos" computerName="clL04A-9" testType="13cdc9d9-ddb5-4fa4-a97d-d965ccfc6d4b" outcome="NotExecuted" testListId="8c84fa94-04c1-424b-9868-57a2d4851a1d" relativeResultsDirectory="c1c37749-fe08-4bf8-b19b-eec8381bee63">
    </UnitTestResult>
    <UnitTestResult executionId="c7f876ca-6e27-4c5a-94df-a1cc23d8dd3f" testId="e550d784-9477-315b-5b2a-a50f87ea5b93" testName="Prueba_EsTriangulo11" computerName="clL04A-9" testType="13cdc9d9-ddb5-4fa4-a97d-d965ccfc6d4b" outcome="NotExecuted" testListId="8c84fa94-04c1-424b-9868-57a2d4851a1d" relativeResultsDirectory="c7f876ca-6e27-4c5a-94df-a1cc23d8dd3f">
    </UnitTestResult>
    <UnitTestResult executionId="e47600d1-3f2e-4181-baf9-01cfedb7a3a3" testId="e6e26bed-50e2-cd0f-6f38-0db97e23cac4" testName="Prueba_EsTriangulo12" computerName="clL04A-9" testType="13cdc9d9-ddb5-4fa4-a97d-d965ccfc6d4b" outcome="NotExecuted" testListId="8c84fa94-04c1-424b-9868-57a2d4851a1d" relativeResultsDirectory="e47600d1-3f2e-4181-baf9-01cfedb7a3a3">
    </UnitTestResult>
    <UnitTestResult executionId="1b4931f3-99e2-4159-82f8-9a8dc19aaf62" testId="48f013ed-83ed-7a03-d949-9633da4c2f1f" testName="Prueba_EsTriangulo13" computerName="clL04A-9" testType="13cdc9d9-ddb5-4fa4-a97d-d965ccfc6d4b" outcome="NotExecuted" testListId="8c84fa94-04c1-424b-9868-57a2d4851a1d" relativeResultsDirectory="1b4931f3-99e2-4159-82f8-9a8dc19aaf62">
    </UnitTestResult>
    <UnitTestResult executionId="875257f1-1bf5-4af8-81dc-05ef51178a33" testId="ef832253-a6a5-308d-4448-99447b717871" testName="Prueba_EsTriangulo14" computerName="clL04A-9" testType="13cdc9d9-ddb5-4fa4-a97d-d965ccfc6d4b" outcome="NotExecuted" testListId="8c84fa94-04c1-424b-9868-57a2d4851a1d" relativeResultsDirectory="875257f1-1bf5-4af8-81dc-05ef51178a33">
    </UnitTestResult>
    <UnitTestResult executionId="0637f47d-3a3c-4694-99fc-853b7fdbc5af" testId="f57e65be-94e7-0b53-634c-d6035e3fc71c" testName="Prueba_EsTriangulo15" computerName="clL04A-9" testType="13cdc9d9-ddb5-4fa4-a97d-d965ccfc6d4b" outcome="NotExecuted" testListId="8c84fa94-04c1-424b-9868-57a2d4851a1d" relativeResultsDirectory="0637f47d-3a3c-4694-99fc-853b7fdbc5af">
    </UnitTestResult>
    <UnitTestResult executionId="edaac473-ba40-49c4-979d-8973d5f079cf" testId="2b751b65-8961-5bac-8043-2e6e6adf1404" testName="Prueba_EsTriangulo16" computerName="clL04A-9" testType="13cdc9d9-ddb5-4fa4-a97d-d965ccfc6d4b" outcome="NotExecuted" testListId="8c84fa94-04c1-424b-9868-57a2d4851a1d" relativeResultsDirectory="edaac473-ba40-49c4-979d-8973d5f079cf">
    </UnitTestResult>
    <UnitTestResult executionId="8cbb1cbc-fbb2-4339-8f1e-e5195ade9a42" testId="ccbc53bf-4918-2d9c-deb7-c7d41ee4b9f3" testName="Prueba_EsTriangulo17" computerName="clL04A-9" testType="13cdc9d9-ddb5-4fa4-a97d-d965ccfc6d4b" outcome="NotExecuted" testListId="8c84fa94-04c1-424b-9868-57a2d4851a1d" relativeResultsDirectory="8cbb1cbc-fbb2-4339-8f1e-e5195ade9a42">
    </UnitTestResult>
    <UnitTestResult executionId="0c907804-7e02-4d2e-9447-e4fc6e836016" testId="2eadf1ee-cde2-e639-e9a8-0e1bc8aa5953" testName="Prueba_EsTriangulo18" computerName="clL04A-9" testType="13cdc9d9-ddb5-4fa4-a97d-d965ccfc6d4b" outcome="NotExecuted" testListId="8c84fa94-04c1-424b-9868-57a2d4851a1d" relativeResultsDirectory="0c907804-7e02-4d2e-9447-e4fc6e836016">
    </UnitTestResult>
  </Results>
</TestRun>